Testing MD5Hash correctness...
MD5Hash test passed!
Generate mode:serial threads:128 threshold:50000
Training...
Training phase 1: reading and parsing passwords...
Lines processed: 10000
Lines processed: 20000
Lines processed: 30000
Lines processed: 40000
Lines processed: 50000
Lines processed: 60000
Lines processed: 70000
Lines processed: 80000
Lines processed: 90000
Lines processed: 100000
Lines processed: 110000
Lines processed: 120000
Lines processed: 130000
Lines processed: 140000
Lines processed: 150000
Lines processed: 160000
Lines processed: 170000
Lines processed: 180000
Lines processed: 190000
Lines processed: 200000
Lines processed: 210000
Lines processed: 220000
Lines processed: 230000
Lines processed: 240000
Lines processed: 250000
Lines processed: 260000
Lines processed: 270000
Lines processed: 280000
Lines processed: 290000
Lines processed: 300000
Lines processed: 310000
Lines processed: 320000
Lines processed: 330000
Lines processed: 340000
Lines processed: 350000
Lines processed: 360000
Lines processed: 370000
Lines processed: 380000
Lines processed: 390000
Lines processed: 400000
Lines processed: 410000
Lines processed: 420000
Lines processed: 430000
Lines processed: 440000
Lines processed: 450000
Lines processed: 460000
Lines processed: 470000
Lines processed: 480000
Lines processed: 490000
Lines processed: 500000
Lines processed: 510000
Lines processed: 520000
Lines processed: 530000
Lines processed: 540000
Lines processed: 550000
Lines processed: 560000
Lines processed: 570000
Lines processed: 580000
Lines processed: 590000
Lines processed: 600000
Lines processed: 610000
Lines processed: 620000
Lines processed: 630000
Lines processed: 640000
Lines processed: 650000
Lines processed: 660000
Lines processed: 670000
Lines processed: 680000
Lines processed: 690000
Lines processed: 700000
Lines processed: 710000
Lines processed: 720000
Lines processed: 730000
Lines processed: 740000
Lines processed: 750000
Lines processed: 760000
Lines processed: 770000
Lines processed: 780000
Lines processed: 790000
Lines processed: 800000
Lines processed: 810000
Lines processed: 820000
Lines processed: 830000
Lines processed: 840000
Lines processed: 850000
Lines processed: 860000
Lines processed: 870000
Lines processed: 880000
Lines processed: 890000
Lines processed: 900000
Lines processed: 910000
Lines processed: 920000
Lines processed: 930000
Lines processed: 940000
Lines processed: 950000
Lines processed: 960000
Lines processed: 970000
Lines processed: 980000
Lines processed: 990000
Lines processed: 1000000
Lines processed: 1010000
Lines processed: 1020000
Lines processed: 1030000
Lines processed: 1040000
Lines processed: 1050000
Lines processed: 1060000
Lines processed: 1070000
Lines processed: 1080000
Lines processed: 1090000
Lines processed: 1100000
Lines processed: 1110000
Lines processed: 1120000
Lines processed: 1130000
Lines processed: 1140000
Lines processed: 1150000
Lines processed: 1160000
Lines processed: 1170000
Lines processed: 1180000
Lines processed: 1190000
Lines processed: 1200000
Lines processed: 1210000
Lines processed: 1220000
Lines processed: 1230000
Lines processed: 1240000
Lines processed: 1250000
Lines processed: 1260000
Lines processed: 1270000
Lines processed: 1280000
Lines processed: 1290000
Lines processed: 1300000
Lines processed: 1310000
Lines processed: 1320000
Lines processed: 1330000
Lines processed: 1340000
Lines processed: 1350000
Lines processed: 1360000
Lines processed: 1370000
Lines processed: 1380000
Lines processed: 1390000
Lines processed: 1400000
Lines processed: 1410000
Lines processed: 1420000
Lines processed: 1430000
Lines processed: 1440000
Lines processed: 1450000
Lines processed: 1460000
Lines processed: 1470000
Lines processed: 1480000
Lines processed: 1490000
Lines processed: 1500000
Lines processed: 1510000
Lines processed: 1520000
Lines processed: 1530000
Lines processed: 1540000
Lines processed: 1550000
Lines processed: 1560000
Lines processed: 1570000
Lines processed: 1580000
Lines processed: 1590000
Lines processed: 1600000
Lines processed: 1610000
Lines processed: 1620000
Lines processed: 1630000
Lines processed: 1640000
Lines processed: 1650000
Lines processed: 1660000
Lines processed: 1670000
Lines processed: 1680000
Lines processed: 1690000
Lines processed: 1700000
Lines processed: 1710000
Lines processed: 1720000
Lines processed: 1730000
Lines processed: 1740000
Lines processed: 1750000
Lines processed: 1760000
Lines processed: 1770000
Lines processed: 1780000
Lines processed: 1790000
Lines processed: 1800000
Lines processed: 1810000
Lines processed: 1820000
Lines processed: 1830000
Lines processed: 1840000
Lines processed: 1850000
Lines processed: 1860000
Lines processed: 1870000
Lines processed: 1880000
Lines processed: 1890000
Lines processed: 1900000
Lines processed: 1910000
Lines processed: 1920000
Lines processed: 1930000
Lines processed: 1940000
Lines processed: 1950000
Lines processed: 1960000
Lines processed: 1970000
Lines processed: 1980000
Lines processed: 1990000
Lines processed: 2000000
Lines processed: 2010000
Lines processed: 2020000
Lines processed: 2030000
Lines processed: 2040000
Lines processed: 2050000
Lines processed: 2060000
Lines processed: 2070000
Lines processed: 2080000
Lines processed: 2090000
Lines processed: 2100000
Lines processed: 2110000
Lines processed: 2120000
Lines processed: 2130000
Lines processed: 2140000
Lines processed: 2150000
Lines processed: 2160000
Lines processed: 2170000
Lines processed: 2180000
Lines processed: 2190000
Lines processed: 2200000
Lines processed: 2210000
Lines processed: 2220000
Lines processed: 2230000
Lines processed: 2240000
Lines processed: 2250000
Lines processed: 2260000
Lines processed: 2270000
Lines processed: 2280000
Lines processed: 2290000
Lines processed: 2300000
Lines processed: 2310000
Lines processed: 2320000
Lines processed: 2330000
Lines processed: 2340000
Lines processed: 2350000
Lines processed: 2360000
Lines processed: 2370000
Lines processed: 2380000
Lines processed: 2390000
Lines processed: 2400000
Lines processed: 2410000
Lines processed: 2420000
Lines processed: 2430000
Lines processed: 2440000
Lines processed: 2450000
Lines processed: 2460000
Lines processed: 2470000
Lines processed: 2480000
Lines processed: 2490000
Lines processed: 2500000
Lines processed: 2510000
Lines processed: 2520000
Lines processed: 2530000
Lines processed: 2540000
Lines processed: 2550000
Lines processed: 2560000
Lines processed: 2570000
Lines processed: 2580000
Lines processed: 2590000
Lines processed: 2600000
Lines processed: 2610000
Lines processed: 2620000
Lines processed: 2630000
Lines processed: 2640000
Lines processed: 2650000
Lines processed: 2660000
Lines processed: 2670000
Lines processed: 2680000
Lines processed: 2690000
Lines processed: 2700000
Lines processed: 2710000
Lines processed: 2720000
Lines processed: 2730000
Lines processed: 2740000
Lines processed: 2750000
Lines processed: 2760000
Lines processed: 2770000
Lines processed: 2780000
Lines processed: 2790000
Lines processed: 2800000
Lines processed: 2810000
Lines processed: 2820000
Lines processed: 2830000
Lines processed: 2840000
Lines processed: 2850000
Lines processed: 2860000
Lines processed: 2870000
Lines processed: 2880000
Lines processed: 2890000
Lines processed: 2900000
Lines processed: 2910000
Lines processed: 2920000
Lines processed: 2930000
Lines processed: 2940000
Lines processed: 2950000
Lines processed: 2960000
Lines processed: 2970000
Lines processed: 2980000
Lines processed: 2990000
Lines processed: 3000000
Training phase 2: Ordering segment values and PTs...
total pts18921
Ordering letters
Ordering digits
ordering symbols
here
Guesses generated: 170266
Guesses generated: 314840
Guesses generated: 458595
Guesses generated: 658409
Guesses generated: 795563
Guesses generated: 925049
Guesses generated: 1048551
Guesses generated: 1152679
Guesses generated: 1261921
Guesses generated: 1363433
Guesses generated: 1556584
Guesses generated: 1675186
Guesses generated: 1777111
Guesses generated: 1882926
Guesses generated: 1992713
Guesses generated: 2112172
Guesses generated: 2212187
Guesses generated: 2383553
Guesses generated: 2483568
Guesses generated: 2593355
Guesses generated: 2693470
Guesses generated: 2838076
Guesses generated: 2958276
Guesses generated: 3131883
Guesses generated: 3241570
Guesses generated: 3441464
Guesses generated: 3551151
Guesses generated: 3651166
Guesses generated: 3825088
Guesses generated: 3925103
Guesses generated: 4105141
Guesses generated: 4205149
Guesses generated: 4309004
Guesses generated: 4426201
Guesses generated: 4531176
Guesses generated: 4648624
Guesses generated: 4772079
Guesses generated: 4885277
Guesses generated: 5028973
Guesses generated: 5194486
Guesses generated: 5324682
Guesses generated: 5425729
Guesses generated: 5611382
Guesses generated: 5717664
Guesses generated: 5847700
Guesses generated: 5991455
Guesses generated: 6140530
Guesses generated: 6285395
Guesses generated: 6430182
Guesses generated: 6548032
Guesses generated: 6650762
Guesses generated: 6794517
Guesses generated: 6926444
Guesses generated: 7058371
Guesses generated: 7168058
Guesses generated: 7360705
Guesses generated: 7470424
Guesses generated: 7599783
Guesses generated: 7799613
Guesses generated: 7899624
Guesses generated: 8043379
Guesses generated: 8164928
Guesses generated: 8266933
Guesses generated: 8466763
Guesses generated: 8610518
Guesses generated: 8790923
Guesses generated: 8938688
Guesses generated: 9131212
Guesses generated: 9231227
Guesses generated: 9375014
Guesses generated: 9519588
Guesses generated: 9689854
Guesses generated: 9843381
Guesses generated: 10096227
Guess time:0.67634seconds
Hash time:0.198228seconds
Train time:14.5787seconds
